<html>
<body>
<pre>
<h1>µVision Build Log</h1>
<h2>Tool Versions:</h2>
IDE-Version: ¦ÌVision V5.18.0.0
Copyright (C) 2016 ARM Ltd and ARM Germany GmbH. All rights reserved.
License Information: liu qiang, yun, LIC=32BVE-5B0RT-DXPU3-AJAP4-4IUFN-0E5AL
 
Tool Versions:
Toolchain:       MDK-ARM Standard  Version: 5.18
Toolchain Path:  C:\Keil_v5\ARM\ARMCC\Bin
C Compiler:      Armcc.exe V5.06 update 1 (build 61)
Assembler:       Armasm.exe V5.06 update 1 (build 61)
Linker/Locator:  ArmLink.exe V5.06 update 1 (build 61)
Library Manager: ArmAr.exe V5.06 update 1 (build 61)
Hex Converter:   FromElf.exe V5.06 update 1 (build 61)
CPU DLL:         SARMCM3.DLL V5.18
Dialog DLL:      DCM.DLL V1.13.6.0
Target DLL:      STLink\ST-LINKIII-KEIL_SWO.dll V2.0.18.0
Dialog DLL:      TCM.DLL V1.14.8.0
 
<h2>Project:</h2>
E:\Code\box0.9_7\PROJECT\box.uvprojx
Project File Date:  11/20/2019

<h2>Output:</h2>
*** Using Compiler 'V5.06 update 1 (build 61)', folder: 'C:\Keil_v5\ARM\ARMCC\Bin'
Rebuild target 'Target 1'
compiling system_stm32f10x.c...
compiling stm32f10x_it.c...
compiling main.c...
compiling core_cm3.c...
assembling startup_stm32f10x_md_vl.s...
compiling delay.c...
compiling usart.c...
compiling sys.c...
compiling led.c...
compiling key.c...
compiling exti.c...
compiling only_atof.c...
compiling only_atoi.c...
compiling spi.c...
compiling only_strstr.c...
compiling crc16.c...
compiling SIM868.c...
compiling gps.c...
compiling mpu9250.c...
..\MPU9250\mpu9250.c(139): warning:  #550-D: variable "x_axis" was set but never used
  	u8 x_axis,y_axis,z_axis; 
..\MPU9250\mpu9250.c(139): warning:  #550-D: variable "y_axis" was set but never used
  	u8 x_axis,y_axis,z_axis; 
..\MPU9250\mpu9250.c(139): warning:  #550-D: variable "z_axis" was set but never used
  	u8 x_axis,y_axis,z_axis; 
..\MPU9250\mpu9250.c: 3 warnings, 0 errors
compiling diskio.c...
compiling bmp280.c...
compiling sd.c...
compiling ff.c...
compiling misc.c...
compiling stm32f10x_adc.c...
compiling stm32f10x_bkp.c...
compiling stm32f10x_cec.c...
compiling stm32f10x_can.c...
compiling stm32f10x_crc.c...
compiling stm32f10x_dbgmcu.c...
compiling stm32f10x_dac.c...
compiling stm32f10x_dma.c...
compiling stm32f10x_exti.c...
compiling stm32f10x_flash.c...
compiling stm32f10x_fsmc.c...
compiling stm32f10x_gpio.c...
compiling stm32f10x_i2c.c...
compiling stm32f10x_iwdg.c...
compiling stm32f10x_pwr.c...
compiling stm32f10x_rcc.c...
compiling stm32f10x_rtc.c...
compiling stm32f10x_sdio.c...
compiling stm32f10x_spi.c...
compiling stm32f10x_tim.c...
compiling stm32f10x_usart.c...
compiling stm32f10x_wwdg.c...
linking...
Program Size: Code=8328 RO-data=340 RW-data=96 ZI-data=3760  
FromELF: creating hex file...
".\Objects\box.axf" - 0 Error(s), 3 Warning(s).

<h2>Collection of Component include folders:</h2>
  E:\Code\box0.9_7\PROJECT\RTE
  C:\Keil_v5\ARM\PACK\Keil\STM32F1xx_DFP\2.0.0\Device\Include

<h2>Collection of Component Files used:</h2>
Build Time Elapsed:  00:00:10
</pre>
</body>
</html>
